<?xml version='1.0' encoding='UTF-8'?>
<sparql xmlns='http://www.w3.org/2005/sparql-results#'>
    <head>
        <variable name='contextID'/>
    </head>
    <results ordered='false' distinct='false'>
        <result>
            <binding name='contextID'>
                <uri>urn:x-local:graph1</uri>
            </binding>
        </result>
    </results>
</sparql>