{
    "id" : 1,
    "username": "charlie@gmail.com",
    "email": "test@user.com",
    "company": null,
    "firstName": null,
    "lastName": null
}