<?xml version='1.0' encoding='UTF-8'?>
<sparql xmlns='http://www.w3.org/2005/sparql-results#'>
    <head>
        <variable name='_1'/>
    </head>
    <results>
        <result>
            <binding name='_1'>
                <uri>foo:bar</uri>
            </binding>
        </result>
    </results>
</sparql>
