<?xml version="1.0" encoding="UTF-8"?>
<rdf:RDF
        xmlns:rdf="http://www.w3.org/1999/02/22-rdf-syntax-ns#"
        xmlns:rdfs="http://www.w3.org/2000/01/rdf-schema#"
        xmlns:sesame="http://www.openrdf.org/schema/sesame#"
        xmlns:owl="http://www.w3.org/2002/07/owl#"
        xmlns:xsd="http://www.w3.org/2001/XMLSchema#"
        xmlns:fn="http://www.w3.org/2005/xpath-functions#">

    <rdf:Description rdf:about="http://www.w3.org/1999/02/22-rdf-syntax-ns#type">
        <rdf:type rdf:resource="http://www.w3.org/1999/02/22-rdf-syntax-ns#Property"/>
        <rdf:type rdf:resource="http://www.w3.org/2000/01/rdf-schema#Resource"/>
        <rdfs:domain rdf:resource="http://www.w3.org/2000/01/rdf-schema#Resource"/>
        <rdfs:range rdf:resource="http://www.w3.org/2000/01/rdf-schema#Class"/>
        <rdfs:subPropertyOf rdf:resource="http://www.w3.org/1999/02/22-rdf-syntax-ns#type"/>
    </rdf:Description>

    <rdf:Description rdf:about="http://www.w3.org/1999/02/22-rdf-syntax-ns#Property">
        <rdf:type rdf:resource="http://www.w3.org/2000/01/rdf-schema#Resource"/>
        <rdf:type rdf:resource="http://www.w3.org/2000/01/rdf-schema#Class"/>
        <rdfs:subClassOf rdf:resource="http://www.w3.org/1999/02/22-rdf-syntax-ns#Property"/>
        <rdfs:subClassOf rdf:resource="http://www.w3.org/2000/01/rdf-schema#Resource"/>
    </rdf:Description>

    <rdf:Description rdf:about="http://www.w3.org/1999/02/22-rdf-syntax-ns#subject">
        <rdf:type rdf:resource="http://www.w3.org/1999/02/22-rdf-syntax-ns#Property"/>
        <rdf:type rdf:resource="http://www.w3.org/2000/01/rdf-schema#Resource"/>
        <rdfs:domain rdf:resource="http://www.w3.org/1999/02/22-rdf-syntax-ns#Statement"/>
        <rdfs:range rdf:resource="http://www.w3.org/2000/01/rdf-schema#Resource"/>
        <rdfs:subPropertyOf rdf:resource="http://www.w3.org/1999/02/22-rdf-syntax-ns#subject"/>
    </rdf:Description>

    <rdf:Description rdf:about="http://www.w3.org/1999/02/22-rdf-syntax-ns#predicate">
        <rdf:type rdf:resource="http://www.w3.org/1999/02/22-rdf-syntax-ns#Property"/>
        <rdf:type rdf:resource="http://www.w3.org/2000/01/rdf-schema#Resource"/>
        <rdfs:domain rdf:resource="http://www.w3.org/1999/02/22-rdf-syntax-ns#Statement"/>
        <rdfs:range rdf:resource="http://www.w3.org/2000/01/rdf-schema#Resource"/>
        <rdfs:subPropertyOf rdf:resource="http://www.w3.org/1999/02/22-rdf-syntax-ns#predicate"/>
    </rdf:Description>

    <rdf:Description rdf:about="http://www.w3.org/1999/02/22-rdf-syntax-ns#object">
        <rdf:type rdf:resource="http://www.w3.org/1999/02/22-rdf-syntax-ns#Property"/>
        <rdf:type rdf:resource="http://www.w3.org/2000/01/rdf-schema#Resource"/>
        <rdfs:domain rdf:resource="http://www.w3.org/1999/02/22-rdf-syntax-ns#Statement"/>
        <rdfs:range rdf:resource="http://www.w3.org/2000/01/rdf-schema#Resource"/>
        <rdfs:subPropertyOf rdf:resource="http://www.w3.org/1999/02/22-rdf-syntax-ns#object"/>
    </rdf:Description>

    <rdf:Description rdf:about="http://www.w3.org/1999/02/22-rdf-syntax-ns#first">
        <rdf:type rdf:resource="http://www.w3.org/1999/02/22-rdf-syntax-ns#Property"/>
        <rdf:type rdf:resource="http://www.w3.org/2000/01/rdf-schema#Resource"/>
        <rdfs:domain rdf:resource="http://www.w3.org/1999/02/22-rdf-syntax-ns#List"/>
        <rdfs:range rdf:resource="http://www.w3.org/2000/01/rdf-schema#Resource"/>
        <rdfs:subPropertyOf rdf:resource="http://www.w3.org/1999/02/22-rdf-syntax-ns#first"/>
    </rdf:Description>

    <rdf:Description rdf:about="http://www.w3.org/1999/02/22-rdf-syntax-ns#rest">
        <rdf:type rdf:resource="http://www.w3.org/1999/02/22-rdf-syntax-ns#Property"/>
        <rdf:type rdf:resource="http://www.w3.org/2000/01/rdf-schema#Resource"/>
        <rdfs:domain rdf:resource="http://www.w3.org/1999/02/22-rdf-syntax-ns#List"/>
        <rdfs:range rdf:resource="http://www.w3.org/1999/02/22-rdf-syntax-ns#List"/>
        <rdfs:subPropertyOf rdf:resource="http://www.w3.org/1999/02/22-rdf-syntax-ns#rest"/>
    </rdf:Description>

    <rdf:Description rdf:about="http://www.w3.org/1999/02/22-rdf-syntax-ns#value">
        <rdf:type rdf:resource="http://www.w3.org/1999/02/22-rdf-syntax-ns#Property"/>
        <rdf:type rdf:resource="http://www.w3.org/2000/01/rdf-schema#Resource"/>
        <rdfs:domain rdf:resource="http://www.w3.org/2000/01/rdf-schema#Resource"/>
        <rdfs:range rdf:resource="http://www.w3.org/2000/01/rdf-schema#Resource"/>
        <rdfs:subPropertyOf rdf:resource="http://www.w3.org/1999/02/22-rdf-syntax-ns#value"/>
    </rdf:Description>

    <rdf:Description rdf:about="http://www.w3.org/1999/02/22-rdf-syntax-ns#nil">
        <rdf:type rdf:resource="http://www.w3.org/1999/02/22-rdf-syntax-ns#List"/>
        <rdf:type rdf:resource="http://www.w3.org/2000/01/rdf-schema#Resource"/>
    </rdf:Description>

    <rdf:Description rdf:about="http://www.w3.org/1999/02/22-rdf-syntax-ns#List">
        <rdf:type rdf:resource="http://www.w3.org/2000/01/rdf-schema#Resource"/>
        <rdf:type rdf:resource="http://www.w3.org/2000/01/rdf-schema#Class"/>
        <rdfs:subClassOf rdf:resource="http://www.w3.org/1999/02/22-rdf-syntax-ns#List"/>
        <rdfs:subClassOf rdf:resource="http://www.w3.org/2000/01/rdf-schema#Resource"/>
    </rdf:Description>

    <rdf:Description rdf:about="http://www.w3.org/2000/01/rdf-schema#domain">
        <rdf:type rdf:resource="http://www.w3.org/1999/02/22-rdf-syntax-ns#Property"/>
        <rdf:type rdf:resource="http://www.w3.org/2000/01/rdf-schema#Resource"/>
        <rdfs:domain rdf:resource="http://www.w3.org/1999/02/22-rdf-syntax-ns#Property"/>
        <rdfs:range rdf:resource="http://www.w3.org/2000/01/rdf-schema#Class"/>
        <rdfs:subPropertyOf rdf:resource="http://www.w3.org/2000/01/rdf-schema#domain"/>
    </rdf:Description>

    <rdf:Description rdf:about="http://www.w3.org/2000/01/rdf-schema#Resource">
        <rdf:type rdf:resource="http://www.w3.org/2000/01/rdf-schema#Resource"/>
        <rdf:type rdf:resource="http://www.w3.org/2000/01/rdf-schema#Class"/>
        <rdfs:subClassOf rdf:resource="http://www.w3.org/2000/01/rdf-schema#Resource"/>
    </rdf:Description>

    <rdf:Description rdf:about="http://www.w3.org/2000/01/rdf-schema#range">
        <rdf:type rdf:resource="http://www.w3.org/1999/02/22-rdf-syntax-ns#Property"/>
        <rdf:type rdf:resource="http://www.w3.org/2000/01/rdf-schema#Resource"/>
        <rdfs:domain rdf:resource="http://www.w3.org/1999/02/22-rdf-syntax-ns#Property"/>
        <rdfs:range rdf:resource="http://www.w3.org/2000/01/rdf-schema#Class"/>
        <rdfs:subPropertyOf rdf:resource="http://www.w3.org/2000/01/rdf-schema#range"/>
    </rdf:Description>

    <rdf:Description rdf:about="http://www.w3.org/2000/01/rdf-schema#subPropertyOf">
        <rdf:type rdf:resource="http://www.w3.org/1999/02/22-rdf-syntax-ns#Property"/>
        <rdf:type rdf:resource="http://www.w3.org/2000/01/rdf-schema#Resource"/>
        <rdfs:domain rdf:resource="http://www.w3.org/1999/02/22-rdf-syntax-ns#Property"/>
        <rdfs:range rdf:resource="http://www.w3.org/1999/02/22-rdf-syntax-ns#Property"/>
        <rdfs:subPropertyOf rdf:resource="http://www.w3.org/2000/01/rdf-schema#subPropertyOf"/>
    </rdf:Description>

    <rdf:Description rdf:about="http://www.w3.org/2000/01/rdf-schema#subClassOf">
        <rdf:type rdf:resource="http://www.w3.org/1999/02/22-rdf-syntax-ns#Property"/>
        <rdf:type rdf:resource="http://www.w3.org/2000/01/rdf-schema#Resource"/>
        <rdfs:domain rdf:resource="http://www.w3.org/2000/01/rdf-schema#Class"/>
        <rdfs:range rdf:resource="http://www.w3.org/2000/01/rdf-schema#Class"/>
        <rdfs:subPropertyOf rdf:resource="http://www.w3.org/2000/01/rdf-schema#subClassOf"/>
    </rdf:Description>

    <rdf:Description rdf:about="http://www.w3.org/2000/01/rdf-schema#Class">
        <rdf:type rdf:resource="http://www.w3.org/2000/01/rdf-schema#Resource"/>
        <rdf:type rdf:resource="http://www.w3.org/2000/01/rdf-schema#Class"/>
        <rdfs:subClassOf rdf:resource="http://www.w3.org/2000/01/rdf-schema#Resource"/>
        <rdfs:subClassOf rdf:resource="http://www.w3.org/2000/01/rdf-schema#Class"/>
    </rdf:Description>

    <rdf:Description rdf:about="http://www.w3.org/1999/02/22-rdf-syntax-ns#Statement">
        <rdf:type rdf:resource="http://www.w3.org/2000/01/rdf-schema#Resource"/>
        <rdf:type rdf:resource="http://www.w3.org/2000/01/rdf-schema#Class"/>
        <rdfs:subClassOf rdf:resource="http://www.w3.org/2000/01/rdf-schema#Resource"/>
        <rdfs:subClassOf rdf:resource="http://www.w3.org/1999/02/22-rdf-syntax-ns#Statement"/>
    </rdf:Description>

    <rdf:Description rdf:about="http://www.w3.org/2000/01/rdf-schema#member">
        <rdf:type rdf:resource="http://www.w3.org/1999/02/22-rdf-syntax-ns#Property"/>
        <rdf:type rdf:resource="http://www.w3.org/2000/01/rdf-schema#Resource"/>
        <rdfs:domain rdf:resource="http://www.w3.org/2000/01/rdf-schema#Resource"/>
        <rdfs:range rdf:resource="http://www.w3.org/2000/01/rdf-schema#Resource"/>
        <rdfs:subPropertyOf rdf:resource="http://www.w3.org/2000/01/rdf-schema#member"/>
    </rdf:Description>

    <rdf:Description rdf:about="http://www.w3.org/2000/01/rdf-schema#seeAlso">
        <rdf:type rdf:resource="http://www.w3.org/1999/02/22-rdf-syntax-ns#Property"/>
        <rdf:type rdf:resource="http://www.w3.org/2000/01/rdf-schema#Resource"/>
        <rdfs:domain rdf:resource="http://www.w3.org/2000/01/rdf-schema#Resource"/>
        <rdfs:range rdf:resource="http://www.w3.org/2000/01/rdf-schema#Resource"/>
        <rdfs:subPropertyOf rdf:resource="http://www.w3.org/2000/01/rdf-schema#seeAlso"/>
    </rdf:Description>

    <rdf:Description rdf:about="http://www.w3.org/2000/01/rdf-schema#isDefinedBy">
        <rdf:type rdf:resource="http://www.w3.org/1999/02/22-rdf-syntax-ns#Property"/>
        <rdf:type rdf:resource="http://www.w3.org/2000/01/rdf-schema#Resource"/>
        <rdfs:domain rdf:resource="http://www.w3.org/2000/01/rdf-schema#Resource"/>
        <rdfs:range rdf:resource="http://www.w3.org/2000/01/rdf-schema#Resource"/>
        <rdfs:subPropertyOf rdf:resource="http://www.w3.org/2000/01/rdf-schema#seeAlso"/>
        <rdfs:subPropertyOf rdf:resource="http://www.w3.org/2000/01/rdf-schema#isDefinedBy"/>
    </rdf:Description>

    <rdf:Description rdf:about="http://www.w3.org/2000/01/rdf-schema#comment">
        <rdf:type rdf:resource="http://www.w3.org/1999/02/22-rdf-syntax-ns#Property"/>
        <rdf:type rdf:resource="http://www.w3.org/2000/01/rdf-schema#Resource"/>
        <rdfs:domain rdf:resource="http://www.w3.org/2000/01/rdf-schema#Resource"/>
        <rdfs:range rdf:resource="http://www.w3.org/2000/01/rdf-schema#Literal"/>
        <rdfs:subPropertyOf rdf:resource="http://www.w3.org/2000/01/rdf-schema#comment"/>
    </rdf:Description>

    <rdf:Description rdf:about="http://www.w3.org/2000/01/rdf-schema#label">
        <rdf:type rdf:resource="http://www.w3.org/1999/02/22-rdf-syntax-ns#Property"/>
        <rdf:type rdf:resource="http://www.w3.org/2000/01/rdf-schema#Resource"/>
        <rdfs:domain rdf:resource="http://www.w3.org/2000/01/rdf-schema#Resource"/>
        <rdfs:range rdf:resource="http://www.w3.org/2000/01/rdf-schema#Literal"/>
        <rdfs:subPropertyOf rdf:resource="http://www.w3.org/2000/01/rdf-schema#label"/>
    </rdf:Description>

    <rdf:Description rdf:about="http://www.w3.org/2000/01/rdf-schema#Literal">
        <rdf:type rdf:resource="http://www.w3.org/2000/01/rdf-schema#Resource"/>
        <rdf:type rdf:resource="http://www.w3.org/2000/01/rdf-schema#Class"/>
        <rdfs:subClassOf rdf:resource="http://www.w3.org/2000/01/rdf-schema#Resource"/>
        <rdfs:subClassOf rdf:resource="http://www.w3.org/2000/01/rdf-schema#Literal"/>
    </rdf:Description>

    <rdf:Description rdf:about="http://www.w3.org/1999/02/22-rdf-syntax-ns#Alt">
        <rdf:type rdf:resource="http://www.w3.org/2000/01/rdf-schema#Resource"/>
        <rdf:type rdf:resource="http://www.w3.org/2000/01/rdf-schema#Class"/>
        <rdfs:subClassOf rdf:resource="http://www.w3.org/2000/01/rdf-schema#Resource"/>
        <rdfs:subClassOf rdf:resource="http://www.w3.org/1999/02/22-rdf-syntax-ns#Alt"/>
        <rdfs:subClassOf rdf:resource="http://www.w3.org/2000/01/rdf-schema#Container"/>
    </rdf:Description>

    <rdf:Description rdf:about="http://www.w3.org/2000/01/rdf-schema#Container">
        <rdf:type rdf:resource="http://www.w3.org/2000/01/rdf-schema#Resource"/>
        <rdf:type rdf:resource="http://www.w3.org/2000/01/rdf-schema#Class"/>
        <rdfs:subClassOf rdf:resource="http://www.w3.org/2000/01/rdf-schema#Resource"/>
        <rdfs:subClassOf rdf:resource="http://www.w3.org/2000/01/rdf-schema#Container"/>
    </rdf:Description>

    <rdf:Description rdf:about="http://www.w3.org/1999/02/22-rdf-syntax-ns#Bag">
        <rdf:type rdf:resource="http://www.w3.org/2000/01/rdf-schema#Resource"/>
        <rdf:type rdf:resource="http://www.w3.org/2000/01/rdf-schema#Class"/>
        <rdfs:subClassOf rdf:resource="http://www.w3.org/2000/01/rdf-schema#Resource"/>
        <rdfs:subClassOf rdf:resource="http://www.w3.org/2000/01/rdf-schema#Container"/>
        <rdfs:subClassOf rdf:resource="http://www.w3.org/1999/02/22-rdf-syntax-ns#Bag"/>
    </rdf:Description>

    <rdf:Description rdf:about="http://www.w3.org/1999/02/22-rdf-syntax-ns#Seq">
        <rdf:type rdf:resource="http://www.w3.org/2000/01/rdf-schema#Resource"/>
        <rdf:type rdf:resource="http://www.w3.org/2000/01/rdf-schema#Class"/>
        <rdfs:subClassOf rdf:resource="http://www.w3.org/2000/01/rdf-schema#Resource"/>
        <rdfs:subClassOf rdf:resource="http://www.w3.org/2000/01/rdf-schema#Container"/>
        <rdfs:subClassOf rdf:resource="http://www.w3.org/1999/02/22-rdf-syntax-ns#Seq"/>
    </rdf:Description>

    <rdf:Description rdf:about="http://www.w3.org/2000/01/rdf-schema#ContainerMembershipProperty">
        <rdf:type rdf:resource="http://www.w3.org/2000/01/rdf-schema#Resource"/>
        <rdf:type rdf:resource="http://www.w3.org/2000/01/rdf-schema#Class"/>
        <rdfs:subClassOf rdf:resource="http://www.w3.org/1999/02/22-rdf-syntax-ns#Property"/>
        <rdfs:subClassOf rdf:resource="http://www.w3.org/2000/01/rdf-schema#Resource"/>
        <rdfs:subClassOf rdf:resource="http://www.w3.org/2000/01/rdf-schema#ContainerMembershipProperty"/>
    </rdf:Description>

    <rdf:Description rdf:about="http://www.w3.org/1999/02/22-rdf-syntax-ns#XMLLiteral">
        <rdf:type rdf:resource="http://www.w3.org/2000/01/rdf-schema#Resource"/>
        <rdf:type rdf:resource="http://www.w3.org/2000/01/rdf-schema#Class"/>
        <rdf:type rdf:resource="http://www.w3.org/2000/01/rdf-schema#Datatype"/>
        <rdfs:subClassOf rdf:resource="http://www.w3.org/2000/01/rdf-schema#Resource"/>
        <rdfs:subClassOf rdf:resource="http://www.w3.org/2000/01/rdf-schema#Literal"/>
        <rdfs:subClassOf rdf:resource="http://www.w3.org/1999/02/22-rdf-syntax-ns#XMLLiteral"/>
    </rdf:Description>

    <rdf:Description rdf:about="http://www.w3.org/2000/01/rdf-schema#Datatype">
        <rdf:type rdf:resource="http://www.w3.org/2000/01/rdf-schema#Resource"/>
        <rdf:type rdf:resource="http://www.w3.org/2000/01/rdf-schema#Class"/>
        <rdfs:subClassOf rdf:resource="http://www.w3.org/2000/01/rdf-schema#Resource"/>
        <rdfs:subClassOf rdf:resource="http://www.w3.org/2000/01/rdf-schema#Class"/>
        <rdfs:subClassOf rdf:resource="http://www.w3.org/2000/01/rdf-schema#Datatype"/>
    </rdf:Description>

</rdf:RDF>