<?xml version='1.0' encoding='UTF-8'?>
<sparql xmlns='http://www.w3.org/2005/sparql-results#'>
    <head>
        <variable name='prefix'/>
        <variable name='namespace'/>
    </head>
    <results>
    </results>
</sparql>
